@CPUE		EQU 0CBE1H
@DELP		EQU 0CB19H
@DELP1		EQU 0CB25H
@DELP2		EQU 0CB2FH
@DELP3		EQU 0CB46H
@DRD		EQU 0CABFH
@DWT		EQU 0CA70H
@EADR		EQU 0CB7FH
@EDRDC		EQU 0CB57H
@EDRDC1		EQU 0CB5AH
@EDWTC		EQU 0CB6BH
@EDWTC1		EQU 0CB6EH
@ERR		EQU 0CB54H
@ERRZ		EQU 0CB53H
@FDCPAT		EQU 0E9AEH
@IGNORE		EQU 0CB51H
@R		EQU 01FD3H
@SCR1		EQU 0CA0EH
@SCRCL		EQU 0CA31H
@SCRCL1		EQU 0CA37H
@SCRE		EQU 0CA6CH
@SCRUP1		EQU 0CA1AH
@UPSUB		EQU 0CB9AH
@UPSUB1		EQU 0CB9CH
@WTTRK		EQU 0CA6CH
@WTTRK1		EQU 0CA72H
ANK		EQU 0D8A4H
AUTOD		EQU 0C98EH
AUTODV		EQU 0C997H
BADR		EQU 0EB81H
BANK		EQU 0C828H
BANK1		EQU 0C82FH
BANK2		EQU 0C83FH
BANKCL		EQU 0EDA8H
BANKFL		EQU 0EDA0H
BANKSP		EQU 0EB5AH
BAT1		EQU 0CE63H
BAT1X		EQU 0CE6BH
BAT2		EQU 0CE77H
BAT3		EQU 0CE89H
BAT4		EQU 0CE93H
BAT5		EQU 0CE9BH
BATPAT		EQU 0CE86H
BCD		EQU 0D7D5H
BDOS		EQU 0CC06H
BDOS0		EQU 0D243H
BDOS1		EQU 0D25FH
BDRDC		EQU 0EB3CH
BDRDC1		EQU 0EB49H
BDSP		EQU 0D262H
BDWTC		EQU 0EB5FH
BDWTC1		EQU 0EB6CH
BDWTCE		EQU 0EB54H
BEEP1		EQU 0DA30H
BEEPD		EQU 0DC6FH
BIOS		EQU 0D574H
BIOS1		EQU 0D591H
BIOS2		EQU 0D585H
BIOS3		EQU 0D586H
BLTMARK		EQU 000A5H
BOOT		EQU 0DA00H
BREAK		EQU 0D730H
BREAK1		EQU 0D734H
BREAK2		EQU 0D6DDH
BREAK2X		EQU 0D6CEH
BTFR		EQU 0EB9EH
BTFR1		EQU 0EBA0H
BUFSIZ		EQU 0D238H
C05X1		EQU 0D9A7H
C12S		EQU 0DA8AH
C12X1		EQU 0DA82H
C1AX1		EQU 0DAAAH
C2HX		EQU 0E768H
C8025H		EQU 0C9EBH
C8X1		EQU 0D991H
CANR		EQU 0DA4EH
CANW		EQU 0DA5BH
CAP		EQU 0DF75H
CAP2		EQU 0DF7EH
CAP3		EQU 0DF81H
CAP4		EQU 0DF8AH
CCHK2		EQU 0DD46H
CCHK3		EQU 0DD49H
CCHKF		EQU 0DD3EH
CDEL1		EQU 0CEC2H
CDERR		EQU 0E502H
CDIR1		EQU 0CEDCH
CEX1		EQU 0CD67H
CEXE4		EQU 0CDD5H
CEXE5		EQU 0CDF3H
CEXE6		EQU 0CE0EH
CEXE7		EQU 0CDF0H
CHDIR		EQU 0DF90H
CHDIR2		EQU 0DF9BH
CHECK		EQU 0E947H
CHGDRV		EQU 0E7E6H
CHGDRV0		EQU 0E7FBH
CHGDRV1		EQU 0E7EFH
CHGDRVE		EQU 0E7F9H
CHGDRVR		EQU 0E8A1H
CHGDV		EQU 0E6A4H
CHGDV2		EQU 0E6B4H
CHGTYPE		EQU 0E691H
CHKATT		EQU 0E014H
CHKCTC		EQU 0C948H
CHKDDX		EQU 0DF01H
CHKWIL1		EQU 0E0A0H
CHKWILD		EQU 0E09CH
CHKWILDX	EQU 0E098H
CLPAT1		EQU 0DF6EH
CLPAT2		EQU 0DF72H
CLSPAT		EQU 0DF63H
CLUST		EQU 0DF62H
COMANL		EQU 0CD2CH
COMB		EQU 0CD49H
COMERM		EQU 0CC6BH
COMMAND		EQU 0CCFCH
COMOUT		EQU 0DA65H
COMPAT		EQU 0CE2CH
COMS		EQU 0CC73H
COMSET		EQU 0E9F9H
COMTB		EQU 0CC74H
CONIN		EQU 0DA09H
CONOUT		EQU 0DA0CH
CONST		EQU 0DA06H
CONSTX		EQU 0D798H
COPEN		EQU 0DE86H
COPY0		EQU 0D0F2H
COPY1		EQU 0D0FCH
COPY1A		EQU 0D12BH
COPY2		EQU 0D138H
COPY3		EQU 0D13FH
COPY6		EQU 0D191H
COPY7		EQU 0D1ADH
COPY8		EQU 0D120H
COPY9		EQU 0D126H
COPYE		EQU 0D1CEH
COPYE2		EQU 0D1D6H
COPYS		EQU 0D11DH
CPATH0		EQU 0CF97H
CPATH1		EQU 0CF9CH
CPATHP		EQU 0CF8BH
CPBUF		EQU 0E50CH
CPFILE		EQU 0DF31H
CPFILE2		EQU 0DF52H
CPNAME		EQU 0DF0EH
CPNAME1		EQU 0DF2BH
CPSTR1		EQU 0DF35H
CPSTR2		EQU 0DF4CH
CPSTR3		EQU 0DF50H
CRT1		EQU 0C7E6H
CRTCD		EQU 0ECB0H
CSW1		EQU 0D16AH
CT0CX		EQU 0D826H
CTC0		EQU 0ECC0H
CTC1		EQU 0ECC2H
CTC2		EQU 0ECC4H
CTC3		EQU 0ECC6H
CTIME		EQU 0D1D8H
CTRL		EQU 0D8B9H
CTRL01		EQU 0D9D1H
CTRL02		EQU 0D96EH
CTRL03		EQU 0DACDH
CTRL04		EQU 0DAC7H
CTRL05		EQU 0D999H
CTRL07		EQU 0DA2DH
CTRL08		EQU 0D942H
CTRL09		EQU 0D95FH
CTRL0A		EQU 0DAD0H
CTRL0B		EQU 0D9D7H
CTRL0C		EQU 0DAA3H
CTRL0D		EQU 0D9BDH
CTRL0E		EQU 0DAE5H
CTRL12		EQU 0DA6EH
CTRL1A		EQU 0DAA6H
CTRL1B		EQU 0D9E4H
CTRL1C		EQU 0D959H
CTRL1D		EQU 0D942H
CTRL1E		EQU 0D94CH
CTRL1F		EQU 0DAD0H
CTRLTB		EQU 0DC2FH
CURSOR		EQU 0DA1EH
CWILD		EQU 0D226H
CWILD1		EQU 0D229H
CWILD2		EQU 0D22DH
C_BAT		EQU 0CE3CH
C_CD		EQU 0CDC3H
C_COPY		EQU 0D0CAH
C_DEL		EQU 0CEB1H
C_DIR		EQU 0CECBH
C_EXE		EQU 0CE13H
C_PATH		EQU 0CF7FH
C_REM		EQU 0CEAFH
C_REN		EQU 0CEBDH
C_TYPE		EQU 0D1EDH
DBLPAT		EQU 0DF65H
DC		EQU 0DEBAH
DCPAT		EQU 0DF5AH
DDS		EQU 00004H
DDTB		EQU 0EC62H
DDX		EQU 0E374H
DEC1		EQU 0CFBFH
DEC2		EQU 0CFC9H
DEC3		EQU 0CFDBH
DEC4		EQU 0CFE8H
DEC5		EQU 0CFF0H
DECBF		EQU 000D6H
DECX		EQU 0CFE4H
DEFCB		EQU 0CDA2H
DELAY		EQU 0E9FFH
DELAY0		EQU 0E9FDH
DELP		EQU 0EAA6H
DELP1		EQU 0EAB3H
DELP2		EQU 0EABDH
DEMES		EQU 0EA12H
DEVI1		EQU 0DCADH
DEVICE		EQU 0ED00H
DHLPAT		EQU 0CB3CH
DIAN		EQU 0D5F1H
DIR3		EQU 0CF64H
DIR6		EQU 0CF6DH
DIRMES		EQU 0CC62H
DISK		EQU 0EA54H
DISK2		EQU 0EA5FH
DISKC		EQU 0CB08H
DISKD		EQU 0CB0EH
DISKE2		EQU 0EA9BH
DISKR		EQU 0EA5AH
DIV1		EQU 0E954H
DIV2		EQU 0E95BH
DIV3		EQU 0E960H
DMAD		EQU 0EAE5H
DMAPAT		EQU 0EA65H
DRD0		EQU 0CACCH
DRD1		EQU 0CADFH
DRD3		EQU 0CAEDH
DRDC		EQU 0E73EH
DRDD		EQU 0E75AH
DRDF		EQU 0E756H
DRDN		EQU 0E52FH
DRDN1		EQU 0E530H
DRDNE		EQU 0E548H
DRDNX		EQU 0E533H
DRDPAT		EQU 0CAD8H
DRDX		EQU 0E517H
DRDX1		EQU 0E537H
DRDXE1		EQU 0E52BH
DRDXE2		EQU 0E52DH
DRDY		EQU 0E54DH
DRDY1		EQU 0E55CH
DRIVE		EQU 0EA03H
DSKF		EQU 0E16EH
DSKF1		EQU 0E174H
DSKF2		EQU 0E17FH
DTA		EQU 0FF51H
DTA1		EQU 00080H
DTAX		EQU 0E50EH
DTBUF		EQU 0FA00H
DWT0		EQU 0CA7AH
DWT1		EQU 0CA8DH
DWT2		EQU 0CA8EH
DWT3		EQU 0CA97H
DWT4		EQU 0CA9CH
DWTC		EQU 0E74AH
DWTPAT		EQU 0CA86H
DWTX		EQU 0E55EH
E2DD9		EQU 0E731H
E2DX		EQU 0E67AH
E2HX		EQU 0E6BFH
EADR0		EQU 0C938H
EADR2		EQU 0C91BH
ECHECK1		EQU 0C862H
ECHECK2		EQU 0C888H
EDMAD		EQU 0EB2BH
EDRDC		EQU 0EAF8H
EDWTC		EQU 0EAF5H
EDWTC1		EQU 0EAFAH
EMM		EQU 0C859H
EMMBL		EQU 0ED8CH
EMMCL		EQU 0ED88H
EMMDV		EQU 0ED93H
EMMFL		EQU 0ED80H
EMMRD		EQU 0ED82H
EMMWR		EQU 0ED84H
ENDCL		EQU 0DF6DH
ENDRDI		EQU 0DE67H
ERR		EQU 0EAD8H
ERRDR		EQU 0CAFEH
ERRDW		EQU 0CAB5H
ERRF		EQU 0EAA5H
ERRW		EQU 0CAAEH
ERRZ		EQU 0CAB0H
ESC		EQU 0D85AH
ESC1		EQU 0D80BH
ESC1C		EQU 0D857H
ESC1W		EQU 0D84FH
ESC1X		EQU 0D845H
ESC1Y		EQU 0D847H
ESC1Z		EQU 0D851H
ESC2		EQU 0D872H
ESCFLG		EQU 0D87FH
ESCYP		EQU 0D874H
EXTSP		EQU 0FFD4H
FATBF		EQU 0EE00H
FATS		EQU 0E7BCH
FATS2		EQU 0E7C3H
FATS3		EQU 0E7E2H
FCB1		EQU 0005CH
FCB2		EQU 0006CH
FDCCMD		EQU 0E9ABH
FDCCMD2		EQU 0E9A5H
FDCPAT		EQU 0EA6FH
FDCRES		EQU 0E9E2H
FDMODE		EQU 0E9C1H
FDMOFF		EQU 0E9E8H
FDRD		EQU 0EA4CH
FDRV		EQU 000DBH
FDWT		EQU 0EA42H
FEND		EQU 0D3BCH
FEND0F		EQU 0D317H
FEND10		EQU 0D358H
FEND13		EQU 0D3FFH
FENDE		EQU 0D3BDH
FENDX		EQU 0D41CH
FFLUSH		EQU 0E8BFH
FILE		EQU 0DC8AH
FILE10		EQU 0DD29H
FILE12		EQU 0DD1BH
FILE2		EQU 0DCEEH
FILE3		EQU 0DCFEH
FILE4		EQU 0DD06H
FILE4L		EQU 0DD0BH
FILE7		EQU 0DD2BH
FILE9		EQU 0DD24H
FILEC		EQU 0DC7FH
FILEC2		EQU 0DC82H
FILED		EQU 0DCE9H
FILEI		EQU 0DD30H
FILESE		EQU 0DEC9H
FILESE1		EQU 0DEDEH
FKAN		EQU 0E085H
FKAN1		EQU 0E095H
FKANC		EQU 0E07EH
FKANX		EQU 0E086H
FKEY		EQU 0D680H
FLGET		EQU 0D73FH
FLGET1		EQU 0D74CH
FNAME		EQU 000DCH
FNEXT		EQU 0DEF5H
FPR1		EQU 0D000H
FPRNT		EQU 0CFF2H
FSIZE1		EQU 0D50FH
FSPAT		EQU 0E9A8H
GADR		EQU 0EBE7H
GDRDC		EQU 0EBBEH
GDRDC1		EQU 0EBC5H
GDWTC		EQU 0EBD4H
GDWTC1		EQU 0EBDBH
GDWTC2		EQU 0EBCFH
GET1W		EQU 0DBB4H
GETDPB		EQU 0E8ABH
GETDPB1		EQU 0E8A8H
GETDPBD		EQU 0E898H
GETDRV		EQU 0DD8BH
GETDRV1		EQU 0DD94H
GETL		EQU 0DBA4H
GETL0		EQU 0DBEDH
GETL1		EQU 0DBA8H
GETL1V		EQU 0DBDCH
GETL1X		EQU 0DBC2H
GETL1Y		EQU 0DBD5H
GETL1Z		EQU 0DBE0H
GETL2		EQU 0DC06H
GETL3		EQU 0DC0FH
GETSEQ		EQU 0E1FEH
GETSIZE		EQU 0E1EEH
GNC1		EQU 0E610H
GNC1L		EQU 0E617H
GNCL		EQU 0E5FAH
HLBUF		EQU 0E25DH
IBM1		EQU 0DDFDH
IBM2		EQU 0D349H
IBM4		EQU 0E14DH
IBM5		EQU 0E490H
IBM7		EQU 0E4B4H
IBM8		EQU 0E4DAH
IGNORE		EQU 0EAD6H
IN49SB		EQU 0DA4AH
INCDRD		EQU 0E73AH
INICTC1		EQU 0C94CH
INIDMA		EQU 0C652H
INIMES		EQU 0C99AH
INIMES1		EQU 0C8BDH
INIMES2		EQU 0C8C8H
INISIO		EQU 0C630H
INIT0		EQU 0C8EDH
INIT1		EQU 0C8F5H
INITE		EQU 0CBE1H
INKEY		EQU 0DC1AH
INKEY1		EQU 0DC2CH
INSFLG		EQU 0D889H
INT		EQU 0D597H
INTC2A		EQU 0D61CH
INTCPAT		EQU 0D600H
INTCTC2		EQU 0D5FFH
INTCTCE		EQU 0D5D7H
INTP1		EQU 0D5A7H
INTPE		EQU 0D5D5H
INTPE1		EQU 0D5D4H
INTPE2		EQU 0D5D6H
INTSP		EQU 0D5D1H
INTVEC		EQU 0ECC8H
KANCLR		EQU 0D905H
KANFLG		EQU 0D88DH
KANJI1		EQU 0D89FH
KANJI2		EQU 0D8D3H
KANJIE		EQU 0D8B2H
KBFREE		EQU 0CC54H
KBUF		EQU 0FF00H
KEYBC		EQU 0D673H
KEYBE		EQU 0D67CH
KEYBF		EQU 0FE00H
KEYBS		EQU 0D659H
KEYBS1		EQU 0D65BH
KEYBSL		EQU 0D6A4H
KEYR		EQU 0C765H
KEYR1		EQU 0C8A8H
KEYREP		EQU 0C89CH
KEYS10E		EQU 0D637H
KEYSET		EQU 0D650H
KEYSET0		EQU 0D60EH
KEYSET1		EQU 0D626H
KILL		EQU 0DFC4H
KILLS		EQU 0DFD0H
KILLS1		EQU 0DFE2H
KILLS2		EQU 0DFE6H
KILLSX		EQU 0DFD4H
KILLW		EQU 0E001H
KILLW1		EQU 0E004H
KILLW2		EQU 0E011H
LDDIR		EQU 0DF9EH
LDDIRS		EQU 0DFBEH
LDDIRX		EQU 0DFB1H
LEFT		EQU 0E4E9H
LEFTX		EQU 0E50CH
LINE		EQU 00018H
LOC		EQU 0D9C2H
LOC1		EQU 0D9EAH
LOC2		EQU 0D9F8H
LOC3		EQU 0D9FDH
LTNL		EQU 0CF75H
M2D		EQU 0E8D7H
M2DD		EQU 0E8F3H
M2DD8		EQU 0E8E5H
M2HC		EQU 0E901H
M2HD		EQU 0E90FH
M2HDE		EQU 0E92BH
M2HQ		EQU 0E91DH
M2HS		EQU 0E939H
MAC		EQU 01D80H
MACHINE		EQU 0C603H
MAXCLP		EQU 0E16EH
MAXSEC		EQU 0E950H
MOPAT		EQU 0E9EDH
MSG		EQU 0D6AAH
MSGR		EQU 0CFADH
MSX		EQU 0D805H
MSX1		EQU 0D801H
MZX		EQU 0CF45H
NAME		EQU 0E020H
NAMEP		EQU 0E03CH
NCL1		EQU 0E5C5H
NCL2		EQU 0E5D2H
NCL3		EQU 0E5EDH
NEC		EQU 0E872H
NEC1		EQU 0E87AH
NEXTSE		EQU 0DEE6H
NOBANK		EQU 0C859H
NOEMM		EQU 0C89CH
NON		EQU 0C778H
NOPEN		EQU 0DE31H
NOPEN2		EQU 0DE5DH
NOROOT		EQU 0DCBDH
NOTSE		EQU 0DE2BH
NULL		EQU 0E340H
OFCB		EQU 0D3D4H
OK		EQU 0CC4CH
OPEN		EQU 0CD8EH
OPEN1		EQU 0CD8BH
OPEN2		EQU 0CD9EH
OPEN3		EQU 0CD90H
OPENDD		EQU 0D35AH
OPENPAT		EQU 0DE08H
OT49SB		EQU 0DA3FH
PATHD		EQU 0CC0BH
PATHE		EQU 0CC4BH
PATHX		EQU 00040H
PAUSE		EQU 0D73CH
PDS1		EQU 0CEF5H
PDS2		EQU 0CEFCH
PDSKF		EQU 0CEE7H
PDSKF1		EQU 0CF06H
POPRR		EQU 0E1E8H
POPRR1		EQU 0E1C0H
POPSCF		EQU 0E186H
POS		EQU 0DB90H
POS1		EQU 0DB99H
PRDEC		EQU 0CFB1H
PRDEC0		EQU 0CFB0H
PRINT		EQU 0D87DH
PRINT2		EQU 0D937H
PRINTC		EQU 0D889H
PRINTE		EQU 0D936H
PRINTE1		EQU 0D932H
PRINTE2		EQU 0D929H
PRINTE3		EQU 0D92AH
PRINTE4		EQU 0D923H
PRINTE5		EQU 0D8B5H
PRINTE6		EQU 0D920H
PRINTE7		EQU 0D91EH
PRINTE8		EQU 0D930H
PRINTS		EQU 0D9DEH
PRINTX		EQU 0D728H
PRN		EQU 0C6E9H
PRTA		EQU 0D070H
PRTA1		EQU 0D075H
PRTTMS		EQU 0D014H
PUSHRR		EQU 0E1BDH
PUTDRV		EQU 0CFA3H
PUTN1		EQU 0D15FH
PUTNAME		EQU 0D14CH
P_N1		EQU 0D005H
P_NAME		EQU 0CF26H
RBR1		EQU 0E3E6H
RBRAP		EQU 0E449H
RBRB		EQU 0E415H
RBRB1		EQU 0E41AH
RBRC		EQU 0E42CH
RBRDD		EQU 0E37DH
RBRDD1		EQU 0E39AH
RBRDD2		EQU 0E38CH
RBRDD3		EQU 0E390H
RBRDDE		EQU 0E3B1H
RBRDDE1		EQU 0E3B6H
RBRDDE2		EQU 0E3B4H
RBRDDP		EQU 0E39FH
RBRDERR		EQU 0E3BCH
RBRDIR		EQU 0E44CH
RBREND		EQU 0E440H
RBREND0		EQU 0E443H
RBRERR		EQU 0E357H
RBRERR1		EQU 0E34BH
RBRERR2		EQU 0E34DH
RBRFL		EQU 0E35BH
RBRFL1		EQU 0E366H
RBRFL2		EQU 0E36BH
RBRFLP		EQU 0E35BH
RBW1		EQU 0E33BH
RBWB		EQU 0E2EDH
RBWB1		EQU 0E2F2H
RBWC		EQU 0E305H
RBWDD		EQU 0E266H
RBWDD1		EQU 0E287H
RBWDD2		EQU 0E273H
RBWDD3		EQU 0E27AH
RBWDD4		EQU 0E281H
RBWDD5		EQU 0E289H
RBWDDP		EQU 0E28EH
RBWEND		EQU 0E31BH
RBWERR		EQU 0E342H
RBX0		EQU 0E45EH
RBX1		EQU 0E46DH
RBX2		EQU 0E487H
RBXA		EQU 0E499H
RBXA1		EQU 0E4C3H
RBXB		EQU 0E4CEH
RBXC		EQU 0E4DEH
RBXEND		EQU 0E4E9H
RDDATE1		EQU 0D7BEH
RDDATE2		EQU 0D7CFH
RDDERR		EQU 0DE2EH
RDFAT		EQU 0E661H
RDFAT0X		EQU 0E657H
RDFATE1		EQU 0E5A0H
RDFATE2		EQU 0E59AH
RDFATL		EQU 0E78DH
RDFATS		EQU 0E789H
RDFATX		EQU 0E57CH
READY		EQU 0E9CBH
READY2		EQU 0E9D2H
READYE		EQU 0E9E0H
REC1		EQU 0D6C6H
REDDATA		EQU 0DC7EH
RESET		EQU 0D5ECH
RETRY		EQU 0EA3EH
RNF		EQU 0EA0CH
RTEPAT		EQU 0DE70H
RUN		EQU 0C600H
RWX1		EQU 0E157H
RWXR		EQU 0E149H
S16K1		EQU 0D3DAH
S16K2		EQU 0D3F5H
S1FD0		EQU 0EBF5H
S27		EQU 0CDD1H
S27DTA		EQU 0CDCEH
S29X1		EQU 0D533H
S2FPAT		EQU 0D567H
S2FX		EQU 0D553H
S30X		EQU 0D566H
S30X2		EQU 0D56FH
SAX0		EQU 0D777H
SAX1		EQU 0D779H
SAX2		EQU 0D783H
SAX3		EQU 0D787H
SAX4		EQU 0D77FH
SCDIR		EQU 0E236H
SCEXE		EQU 0D5C3H
SCG1		EQU 0D5E1H
SCL		EQU 0D5DAH
SCR		EQU 0DAEAH
SCR1		EQU 0DAEEH
SCRCL		EQU 0DB4BH
SCRCL1		EQU 0DB53H
SCRN		EQU 0DB68H
SCRN1		EQU 0DB87H
SCRNE		EQU 0DB8AH
SCRNX		EQU 0DB8DH
SCRUP1		EQU 0DB0FH
SDE1		EQU 0E0B9H
SDIRENT		EQU 0E0A8H
SDIRX0		EQU 0DDEDH
SDIRX1		EQU 0DDF9H
SDMA		EQU 0EADEH
SDVSW		EQU 0CD81H
SECPAT		EQU 0E95DH
SECSET		EQU 0E9F4H
SEEK		EQU 0E948H
SETCRT0		EQU 0CCCEH
SETCRT1		EQU 0C973H
SETCRT2		EQU 0CCD2H
SETCRTC		EQU 0C96FH
SETDIR		EQU 0DCBDH
SETDIR1		EQU 0DCC5H
SETDMA		EQU 0EADBH
SETDRV		EQU 0DD76H
SETDRV0		EQU 0DD6DH
SETDRVF		EQU 0DD6AH
SETDTA		EQU 0CDB4H
SETDTA1		EQU 0CDB7H
SETFCB		EQU 0D085H
SETFCB1		EQU 0D0B4H
SETFCB2		EQU 0D0BFH
SETFCB3		EQU 0D0C5H
SETFCBA		EQU 0D08EH
SETM2		EQU 0E99BH
SETMODE		EQU 0E9C0H
SETNAME		EQU 0E04FH
SETRBR		EQU 0E20BH
SETSEQ		EQU 0E1D1H
SETTMS		EQU 0E189H
SETTMSX		EQU 0E18EH
SFBPS		EQU 0E238H
SFILE		EQU 0E23CH
SFNDF		EQU 0E23AH
SINIT1		EQU 0C68CH
SINIT2		EQU 0C696H
SIOAD		EQU 0D6BBH
SIOAD0		EQU 0D6E7H
SIOAD1		EQU 0D6EDH
SIODATA		EQU 0CA02H
SKIP		EQU 0CC4FH
SNAME1		EQU 0E05CH
SNAME3		EQU 0E06AH
SNC1		EQU 0E643H
SNC2		EQU 0E653H
SNCL		EQU 0E621H
SOPEN		EQU 0DDCCH
SOPEN0		EQU 0DDDBH
SOPEN1		EQU 0DDFDH
SOPEN1X		EQU 0DDFFH
SOPEN2		EQU 0DE07H
SOPEN3		EQU 0DE10H
SOPEN5		EQU 0DE22H
SOPEN6		EQU 0DE29H
SOPENC		EQU 0DDCFH
SOPENE		EQU 0DE84H
SOPENE2		EQU 0DE75H
SOPENX		EQU 0DD98H
SOPENX1		EQU 0DD9FH
SPCUT		EQU 0DD64H
SPPAT		EQU 0D58DH
SPPAT2		EQU 0E85DH
SREAD		EQU 0D414H
SS1		EQU 0DD63H
SSQ1		EQU 0E1F7H
SST		EQU 0E9B4H
SST1		EQU 0E9B6H
STABLE		EQU 0EC00H
STACK		EQU 00000H
START		EQU 0C607H
SUBRR		EQU 0E1C3H
SW		EQU 0D15FH
SW1		EQU 0CEA7H
SWITCH		EQU 0CEA6H
SWN1		EQU 0D17AH
SWNE		EQU 0D17FH
SWRITE		EQU 0D435H
SWT1		EQU 0D171H
SWTDBF		EQU 0E077H
SX0E2		EQU 0D2A1H
SYSC0F		EQU 0CDBCH
SYSTEM		EQU 00005H
SYSTEM0		EQU 0CDBEH
TEXT		EQU 0C6BAH
TEXT1		EQU 0C6C7H
TEXTDT		EQU 0C9FBH
TOPEN		EQU 0E0FEH
TOPEN2		EQU 0E0FDH
TURBO		EQU 0C7D4H
TYPE1		EQU 0D1F7H
TYPE2		EQU 0D200H
TYPE3		EQU 0D210H
TYPEE		EQU 0D221H
TZ1		EQU 0C804H
TZ2		EQU 0C822H
UPSUB		EQU 0DB2CH
VER		EQU 00124H
VERSION		EQU 0C605H
WAITA		EQU 0E9D4H
WBOOT		EQU 0DA03H
WE		EQU 0ED00H
WK1FD0		EQU 0ECBFH
WOPEN		EQU 0E0F2H
WRDF		EQU 0E10AH
WRDF1		EQU 0E10DH
WRDF2		EQU 0E12DH
WRDF3		EQU 0E130H
WRDF4		EQU 0E13FH
WRDF5		EQU 0E141H
WRDFX		EQU 0E103H
WTDB		EQU 0E072H
WTFAT		EQU 0E79AH
WTFATL		EQU 0E7B3H
WTFATX		EQU 0E5A4H
WTTRK		EQU 0EA3FH
WTTRK1		EQU 0EA44H
X1KPAT		EQU 0D892H
X1PAT		EQU 0DA90H
X2HDE		EQU 0E71CH
X2HQ		EQU 0E783H
X2HQ1		EQU 0E77BH
X2HS		EQU 0E6F0H
X2HSS		EQU 0E722H
X2HX		EQU 0E6C7H
X2HX1		EQU 0E6DCH
XMIT1		EQU 0D6F0H
ZFCF0		EQU 0DEE3H
_CHGDRV		EQU 0ECD9H
_CLPS		EQU 0E264H
_COLORF		EQU 0EC96H
_COMANL		EQU 0ECFDH
_CTC		EQU 0EC8CH
_CYL0		EQU 0EC80H
_CYL1		EQU 0EC81H
_CYL2		EQU 0EC82H
_CYL3		EQU 0EC83H
_DBDRV		EQU 0ECA5H
_DCLPS		EQU 0ECA6H
_DE1_		EQU 0E228H
_DE26_		EQU 0E21EH
_DE27_		EQU 0E224H
_DE_		EQU 0E230H
_DIRF		EQU 0ECA0H
_DIRPS		EQU 0E262H
_DRD		EQU 0ECF1H
_DRIVE		EQU 0EC84H
_DRV		EQU 0EC88H
_DSK		EQU 0EC89H
_DTA		EQU 0EC8AH
_DTBUF		EQU 0EC7EH
_DVSW		EQU 0EC87H
_DWT		EQU 0ECF4H
_ERROR		EQU 0D266H
_FATBF		EQU 0EC7CH
_FATDRV		EQU 0ECA3H
_FATPS		EQU 0E260H
_FBAD		EQU 0EC9CH
_FBCNT		EQU 0EC9EH
_FBPS		EQU 0EC9AH
_FCB		EQU 0EC98H
_FDRD		EQU 0ECEBH
_FDWT		EQU 0ECEEH
_FFLUSH		EQU 0ECDFH
_FILEN		EQU 0EC9FH
_GETDPB		EQU 0ECDCH
_GNCL		EQU 0ECF7H
_HL_		EQU 0000FH
_INKEY		EQU 0ECCAH
_ISEEK		EQU 0EC86H
_KEYD		EQU 0EC92H
_KEYPS		EQU 0EC90H
_KEYSP		EQU 0EC94H
_LINE		EQU 0EC97H
_LOC		EQU 0ECD6H
_MAXCYL		EQU 0ECA1H
_POS		EQU 0ECD3H
_PRINT		EQU 0ECCDH
_RDFAT		EQU 0ECE5H
_RDFATX		EQU 0ECE2H
_S05X1		EQU 0D707H
_S10A		EQU 0D326H
_S11A		EQU 0D387H
_S11B		EQU 0D3BAH
_S12X1		EQU 0D38AH
_S16K		EQU 0D3CDH
_S16X1		EQU 0D45DH
_S16X2		EQU 0D456H
_S16XX		EQU 0D2B5H
_SCRN		EQU 0ECD0H
_SDIR		EQU 0ED1AH
_SEEKSP		EQU 0EC85H
_SNCL		EQU 0ECFAH
_SX09		EQU 0D26FH
_SYS00		EQU 0CCAAH
_SYS01		EQU 0D6A7H
_SYS02		EQU 0D6B3H
_SYS03		EQU 0D6B9H
_SYS04		EQU 0D6ECH
_SYS05		EQU 0D703H
_SYS06		EQU 0D723H
_SYS07		EQU 0DA09H
_SYS08		EQU 0D72BH
_SYS09		EQU 0D26EH
_SYS0A		EQU 0D764H
_SYS0B		EQU 0D790H
_SYS0C		EQU 0D27DH
_SYS0D		EQU 0D283H
_SYS0E		EQU 0D292H
_SYS0F		EQU 0D2A5H
_SYS10		EQU 0D31AH
_SYS11		EQU 0D367H
_SYS12		EQU 0D3C3H
_SYS13		EQU 0D3F9H
_SYS14		EQU 0D401H
_SYS15		EQU 0D422H
_SYS16		EQU 0D442H
_SYS17		EQU 0D43AH
_SYS18		EQU 0D4A9H
_SYS19		EQU 0D4AEH
_SYS1A		EQU 0D4B3H
_SYS1B		EQU 0D4B9H
_SYS1C		EQU 0D26CH
_SYS1D		EQU 0D4E9H
_SYS1E		EQU 0D26CH
_SYS1F		EQU 0D4EDH
_SYS20		EQU 0D26CH
_SYS21		EQU 0D479H
_SYS22		EQU 0D491H
_SYS23		EQU 0D4F2H
_SYS24		EQU 0D511H
_SYS26		EQU 0E29CH
_SYS27		EQU 0E3C1H
_SYS28		EQU 0D491H
_SYS29		EQU 0D52CH
_SYS2A		EQU 0D7A6H
_SYS2B		EQU 0DE2BH
_SYS2C		EQU 0D7E3H
_SYS2D		EQU 0DE2BH
_SYS2E		EQU 0D26CH
_SYS2F		EQU 0D54FH
_SYS30		EQU 0D549H
_TXADR		EQU 0EC8EH
_WTDBF		EQU 0ECA4H
_WTFATF		EQU 0ECA2H
_WTTRK		EQU 0ECE8H
__ADDCL		EQU 0ED06H
__DEVNO		EQU 0ED12H
__DIRPS		EQU 0ED10H
__DRDC		EQU 0ED02H
__DWTC		EQU 0ED04H
__FATID		EQU 0ED01H
__FATLN		EQU 0ED00H
__FATPS		EQU 0ED0EH
__FATS		EQU 0ED0FH
__FDMODE	EQU 0ED0AH
__GNCL		EQU 0ED16H
__MAXCL		EQU 0ED08H
__MAXCYL	EQU 0ED0CH
__MAXDIR	EQU 0ED0BH
__MAXSEC	EQU 0ED0DH
__MINSEC	EQU 0ED11H
__NAME		EQU 0ED1CH
__SNCL		EQU 0ED18H
__UNITNO	EQU 0ED13H
